2026-09-10 00:43:13.093 INFO   Freerouting v2.4.1 (build-date: 2026-09-03)
WARNING: Final field userProfileSettings in class app.freerouting.settings.GlobalSettings has been mutated reflectively by class com.google.gson.internal.bind.ReflectiveTypeAdapterFactory$2 in unnamed module @78186a70 (file:/tmp/axiom-cad-tools/freerouting.jar)
WARNING: Use --enable-final-field-mutation=ALL-UNNAMED to avoid a warning
WARNING: Mutating final fields will be blocked in a future release unless final field mutation is enabled
2026-09-10 00:43:14.852 INFO   [DE8EC6\B4E62A] Loading board file 'carrier.dsn'...
2026-09-10 00:43:15.063 INFO   [DE8EC6\B4E62A] Job 'DE8EC6\B4E62A' started at 2026-09-09T19:13:15.062645317Z.
2026-09-10 00:43:15.272 INFO   [DE8EC6\B4E62A] Fanout stage started on board 'f08751dc2921de4cb27b933b1b9fbce6' with 114 of 115 SMD pins needing fanout (1 already connected, 0 netless).
2026-09-10 00:44:04.933 WARN   BasicBoard.normalizeTraces: reached 2000 iterations for net '/MOTOR_6V' — stopping to prevent hang. The board geometry for this net may be oscillating (split/combine cycle); traces are kept as-is and further normalization for this net is suppressed on this board candidate.
2026-09-10 00:44:05.167 INFO   [DE8EC6\B4E62A] Fanout pass #1 on board '1fa846aefaf8b65d434bf8f1dc7b223a' completed in 49.83 seconds with 112 SMD pins fanouted, 0 not routed, 0 insert errors, +51 extra vias (0 SMD pins still to check in pass, ripup costs=100).
2026-09-10 00:44:06.114 INFO   [DE8EC6\B4E62A] Fanout pass #2 on board 'd39baa1320aa6a09e906bcf27a7e2626' completed in 0.92 seconds with 28 SMD pins fanouted, 0 not routed, 0 insert errors, +6 extra vias (0 SMD pins still to check in pass, ripup costs=200).
2026-09-10 00:44:06.690 INFO   [DE8EC6\B4E62A] Fanout pass #3 on board '77e21cbbe49bff65e20bc371bf33a6a0' completed in 0.55 seconds with 17 SMD pins fanouted, 1 not routed, 0 insert errors, +1 extra via (0 SMD pins still to check in pass, ripup costs=300).
2026-09-10 00:44:07.618 INFO   [DE8EC6\B4E62A] Fanout pass #4 on board '416ef89923f29f4128393ccdaf2a9c11' completed in 0.90 seconds with 18 SMD pins fanouted, 0 not routed, 0 insert errors, +0 extra vias (0 SMD pins still to check in pass, ripup costs=400).
2026-09-10 00:44:08.356 INFO   [DE8EC6\B4E62A] Fanout pass #5 on board '3af2ad1b4c5e766018a6c1d0bbb85c68' completed in 0.71 seconds with 17 SMD pins fanouted, 0 not routed, 0 insert errors, +2 extra vias (0 SMD pins still to check in pass, ripup costs=500).
2026-09-10 00:44:08.833 INFO   [DE8EC6\B4E62A] Fanout pass #6 on board '1cc71cdef7772e39439bf5f9db855dd2' completed in 0.45 seconds with 15 SMD pins fanouted, 0 not routed, 0 insert errors, +0 extra vias (0 SMD pins still to check in pass, ripup costs=600).
2026-09-10 00:44:10.272 INFO   [DE8EC6\B4E62A] Fanout pass #7 on board 'b1c5c7ba891ac9c31e30224213d2cd8e' completed in 1.42 seconds with 15 SMD pins fanouted, 0 not routed, 0 insert errors, +0 extra vias (0 SMD pins still to check in pass, ripup costs=700).
2026-09-10 00:44:13.080 INFO   [DE8EC6\B4E62A] Fanout pass #8 on board '0508a1567fa3b8aa7cb7a0b79cd0d276' completed in 2.78 seconds with 15 SMD pins fanouted, 0 not routed, 0 insert errors, +0 extra vias (0 SMD pins still to check in pass, ripup costs=800).
2026-09-10 00:44:13.613 INFO   [DE8EC6\B4E62A] Fanout pass #9 on board '1e8df2b51277245d68f6e7c764b33f54' completed in 0.50 seconds with 15 SMD pins fanouted, 0 not routed, 0 insert errors, +0 extra vias (0 SMD pins still to check in pass, ripup costs=900).
2026-09-10 00:44:13.613 INFO   Fanout stopped after 9 passes: no progress for 3 consecutive passes.
2026-09-10 00:44:13.722 INFO   [DE8EC6\B4E62A] Fanout stage completed: started with 115 total SMD pins, completed in 58.40 seconds, escaped pins: 103/115 (89.6%), using 55.68 total CPU seconds, 115.81 GB total allocated, and 413.0 MB peak heap usage.
2026-09-10 00:44:13.793 INFO   [DE8EC6\B4E62A] Auto-routing stage started on board '1e8df2b51277245d68f6e7c764b33f54' for 112 unrouted items.
2026-09-10 00:47:04.870 INFO   [DE8EC6\B4E62A] Auto-routing pass #1 on board '1e8df2b51277245d68f6e7c764b33f54' was completed in 170.75 seconds with score 806.70 (24 unrouted and 24 violations), using 221.77 CPU seconds and the job allocated 330.19 GB of memory so far.
2026-09-10 00:47:20.039 INFO   [DE8EC6\B4E62A] Auto-routing pass #2 on board '25a886483c48c9ea20a7c2880b82ea2a' was completed in 14.99 seconds with score 887.24 (12 unrouted and 24 violations), using 236.34 CPU seconds and the job allocated 371.84 GB of memory so far.
2026-09-10 00:47:28.763 INFO   [DE8EC6\B4E62A] Auto-routing pass #3 on board '47ba5b0db5ae8154272fe269e724c255' was completed in 8.40 seconds with score 893.95 (11 unrouted and 24 violations), using 245.12 CPU seconds and the job allocated 399.81 GB of memory so far.
2026-09-10 00:47:37.416 INFO   [DE8EC6\B4E62A] Auto-routing pass #4 on board 'a1d2f6c8e50c1990e8da2af72beb8e77' was completed in 8.43 seconds with score 900.66 (10 unrouted and 24 violations), using 253.88 CPU seconds and the job allocated 428.16 GB of memory so far.
2026-09-10 00:47:45.560 INFO   [DE8EC6\B4E62A] Auto-routing pass #5 on board '95d9791b0ec0d2b738baa26c2068782b' was completed in 7.93 seconds with score 900.66 (10 unrouted and 24 violations), using 261.69 CPU seconds and the job allocated 452.76 GB of memory so far.
2026-09-10 00:47:53.678 INFO   [DE8EC6\B4E62A] Auto-routing pass #6 on board '95d9791b0ec0d2b738baa26c2068782b' was completed in 7.98 seconds with score 900.66 (10 unrouted and 24 violations), using 269.43 CPU seconds and the job allocated 477.10 GB of memory so far.
2026-09-10 00:48:02.372 INFO   [DE8EC6\B4E62A] Auto-routing pass #7 on board '95d9791b0ec0d2b738baa26c2068782b' was completed in 8.55 seconds with score 900.66 (10 unrouted and 24 violations), using 278.17 CPU seconds and the job allocated 502.38 GB of memory so far.
2026-09-10 00:48:10.997 INFO   [DE8EC6\B4E62A] Auto-routing pass #8 on board '95d9791b0ec0d2b738baa26c2068782b' was completed in 8.47 seconds with score 900.66 (10 unrouted and 24 violations), using 285.95 CPU seconds and the job allocated 524.35 GB of memory so far.
2026-09-10 00:48:19.892 INFO   [DE8EC6\B4E62A] Auto-routing pass #9 on board '95d9791b0ec0d2b738baa26c2068782b' was completed in 8.75 seconds with score 900.66 (10 unrouted and 24 violations), using 294.71 CPU seconds and the job allocated 548.41 GB of memory so far.
2026-09-10 00:48:28.357 INFO   [DE8EC6\B4E62A] Auto-routing pass #10 on board '95d9791b0ec0d2b738baa26c2068782b' was completed in 8.33 seconds with score 900.66 (10 unrouted and 24 violations), using 303.44 CPU seconds and the job allocated 573.73 GB of memory so far.
2026-09-10 00:48:36.761 INFO   [DE8EC6\B4E62A] Auto-routing pass #11 on board '95d9791b0ec0d2b738baa26c2068782b' was completed in 8.26 seconds with score 900.66 (10 unrouted and 24 violations), using 311.21 CPU seconds and the job allocated 595.84 GB of memory so far.
2026-09-10 00:48:45.400 INFO   [DE8EC6\B4E62A] Auto-routing pass #12 on board '7019fbe93b0668948812e9a0db418535' was completed in 8.23 seconds with score 900.66 (10 unrouted and 24 violations), using 319.94 CPU seconds and the job allocated 621.46 GB of memory so far.
2026-09-10 00:48:53.647 INFO   [DE8EC6\B4E62A] Auto-routing pass #13 on board '7019fbe93b0668948812e9a0db418535' was completed in 8.11 seconds with score 900.66 (10 unrouted and 24 violations), using 327.73 CPU seconds and the job allocated 643.72 GB of memory so far.
2026-09-10 00:49:01.959 INFO   [DE8EC6\B4E62A] Auto-routing pass #14 on board '7019fbe93b0668948812e9a0db418535' was completed in 8.18 seconds with score 900.66 (10 unrouted and 24 violations), using 335.51 CPU seconds and the job allocated 666.05 GB of memory so far.
2026-09-10 00:49:10.314 INFO   [DE8EC6\B4E62A] Auto-routing pass #15 on board '7019fbe93b0668948812e9a0db418535' was completed in 8.22 seconds with score 900.66 (10 unrouted and 24 violations), using 344.26 CPU seconds and the job allocated 691.32 GB of memory so far.
2026-09-10 00:49:18.656 INFO   [DE8EC6\B4E62A] Auto-routing pass #16 on board '7019fbe93b0668948812e9a0db418535' was completed in 8.19 seconds with score 900.66 (10 unrouted and 24 violations), using 352.01 CPU seconds and the job allocated 713.08 GB of memory so far.
2026-09-10 00:49:26.954 INFO   [DE8EC6\B4E62A] Auto-routing pass #17 on board '7019fbe93b0668948812e9a0db418535' was completed in 8.17 seconds with score 900.66 (10 unrouted and 24 violations), using 359.78 CPU seconds and the job allocated 735.45 GB of memory so far.
2026-09-10 00:49:35.073 INFO   [DE8EC6\B4E62A] Auto-routing pass #18 on board '7019fbe93b0668948812e9a0db418535' was completed in 7.99 seconds with score 900.66 (10 unrouted and 24 violations), using 367.54 CPU seconds and the job allocated 758.08 GB of memory so far.
2026-09-10 00:49:35.118 INFO   [DE8EC6\B4E62A] The router's best score (900.66) has not improved by more than 0.5 points since pass #8. Stopping the auto-router after 18 passes (10 items still unconnected).
The following connections could not be routed -- please review your design (e.g. check pad clearances, trace width rules, and available routing space):
  Net '/DRV_BIN2' (1 unrouted connection):
    - U3-10  ->  via
  Net '/DRV_VCP' (1 unrouted connection):
    - U3-11  ->  C6-1
  Net '/DRV_VINT' (1 unrouted connection):
    - C7-1  ->  U3-14
  Net '/MOTOR_6V' (2 unrouted connections):
    - C5-1  ->  C6-2
    - C5-1  ->  U3-12
  Net '/MOTOR_L_N' (1 unrouted connection):
    - U3-4  ->  via
  Net '/MOTOR_R_N' (1 unrouted connection):
    - U3-5  ->  via
  Net '/MOTOR_R_P' (1 unrouted connection):
    - U3-7  ->  via
  Net '/SENSE_L' (1 unrouted connection):
    - R7-1  ->  U3-3
  Net '/SENSE_R' (1 unrouted connection):
    - U3-6  ->  R8-1
2026-09-10 00:49:35.392 INFO   [DE8EC6\B4E62A] Auto-routing stage completed: started with 150 unrouted nets, completed in 380.13 seconds, final score: 900.66 (10 unrouted and 24 violations), using 368.51 total CPU seconds, 761.66 GB total allocated, and 1106.5 MB peak heap usage.
2026-09-10 00:49:35.509 INFO   [DE8EC6\B4E62A] Optimization stage started on board '7019fbe93b0668948812e9a0db418535' with score 900.66 (10 unrouted and 24 violations).
2026-09-10 00:49:47.568 INFO   [DE8EC6\B4E62A] Stopping optimization pass #1 early after 50 consecutive items could not be improved.
2026-09-10 00:49:47.691 INFO   [DE8EC6\B4E62A] Optimizer pass #1 on board '65135b79191faaa660b513cd04027ecb' was completed in 11.83 seconds with the score of 900.66 (10 unrouted and 24 violations).
2026-09-10 00:49:47.804 INFO   [DE8EC6\B4E62A] Stopping optimizer because the improvement in this pass (0.0000%) is below the threshold (1.00%).
2026-09-10 00:49:47.912 INFO   [DE8EC6\B4E62A] Optimization stage completed: started with score 900.66 (10 unrouted and 24 violations), completed in 12.30 seconds, final score: 900.66 (10 unrouted and 24 violations), using 11.95 total CPU seconds, 53.74 GB total allocated, and 217.2 MB peak heap usage.
2026-09-10 00:49:47.928 INFO   [DE8EC6\B4E62A] Job 'DE8EC6\B4E62A' finished with state: COMPLETED (elapsed: 6 minutes 32.86 seconds, finished at UTC: 2026-09-09T19:19:47.926568185Z).
2026-09-10 00:49:48.243 INFO   Saving output file '/home/utkarsh/Work/volnlabs/axiom-rover/electronics/out/carrier.ses' (SES)...
2026-09-10 00:49:48.262 INFO   Successfully saved output file '/home/utkarsh/Work/volnlabs/axiom-rover/electronics/out/carrier.ses' (47888 bytes).
